// Jest Snapshot v1, https://goo.gl/fbAQLP

exports[`matches snapshot 1`] = `
<Connect(App)
  history={
    Object {
      "action": "POP",
      "block": [Function],
      "createHref": [Function],
      "go": [Function],
      "goBack": [Function],
      "goForward": [Function],
      "length": 1,
      "listen": [Function],
      "location": Object {
        "hash": "",
        "pathname": "/",
        "search": "",
        "state": undefined,
      },
      "push": [Function],
      "replace": [Function],
    }
  }
  options={
    Object {
      "hydratation": Object {
        "blacklist": Array [
          "hydratation",
          "router",
        ],
      },
    }
  }
  store={
    Object {
      "dispatch": [Function],
      "getState": [Function],
      "replaceReducer": [Function],
      "subscribe": [Function],
      Symbol(observable): [Function],
    }
  }
>
  <App
    history={
      Object {
        "action": "POP",
        "block": [Function],
        "createHref": [Function],
        "go": [Function],
        "goBack": [Function],
        "goForward": [Function],
        "length": 1,
        "listen": [Function],
        "location": Object {
          "hash": "",
          "pathname": "/",
          "search": "",
          "state": undefined,
        },
        "push": [Function],
        "replace": [Function],
      }
    }
    hydratation={
      Object {
        "done": true,
      }
    }
    hydrate={[Function]}
    options={
      Object {
        "hydratation": Object {
          "blacklist": Array [
            "hydratation",
            "router",
          ],
        },
      }
    }
    store={
      Object {
        "dispatch": [Function],
        "getState": [Function],
        "replaceReducer": [Function],
        "subscribe": [Function],
        Symbol(observable): [Function],
      }
    }
    storeSubscription={
      Subscription {
        "listeners": Object {
          "clear": [Function],
          "get": [Function],
          "notify": [Function],
          "subscribe": [Function],
        },
        "onStateChange": [Function],
        "parentSub": undefined,
        "store": Object {
          "dispatch": [Function],
          "getState": [Function],
          "replaceReducer": [Function],
          "subscribe": [Function],
          Symbol(observable): [Function],
        },
        "unsubscribe": [Function],
      }
    }
  >
    <Provider
      store={
        Object {
          "dispatch": [Function],
          "getState": [Function],
          "replaceReducer": [Function],
          "subscribe": [Function],
          Symbol(observable): [Function],
        }
      }
    >
      <ConnectedRouter
        history={
          Object {
            "action": "POP",
            "block": [Function],
            "createHref": [Function],
            "go": [Function],
            "goBack": [Function],
            "goForward": [Function],
            "length": 1,
            "listen": [Function],
            "location": Object {
              "hash": "",
              "pathname": "/",
              "search": "",
              "state": undefined,
            },
            "push": [Function],
            "replace": [Function],
          }
        }
      >
        <Router
          history={
            Object {
              "action": "POP",
              "block": [Function],
              "createHref": [Function],
              "go": [Function],
              "goBack": [Function],
              "goForward": [Function],
              "length": 1,
              "listen": [Function],
              "location": Object {
                "hash": "",
                "pathname": "/",
                "search": "",
                "state": undefined,
              },
              "push": [Function],
              "replace": [Function],
            }
          }
        >
          <withRouter(Connect(Navigator))>
            <Route
              render={[Function]}
            >
              <Connect(Navigator)
                history={
                  Object {
                    "action": "POP",
                    "block": [Function],
                    "createHref": [Function],
                    "go": [Function],
                    "goBack": [Function],
                    "goForward": [Function],
                    "length": 1,
                    "listen": [Function],
                    "location": Object {
                      "hash": "",
                      "pathname": "/",
                      "search": "",
                      "state": undefined,
                    },
                    "push": [Function],
                    "replace": [Function],
                  }
                }
                location={
                  Object {
                    "hash": "",
                    "pathname": "/",
                    "search": "",
                    "state": undefined,
                  }
                }
                match={
                  Object {
                    "isExact": true,
                    "params": Object {},
                    "path": "/",
                    "url": "/",
                  }
                }
              >
                <Navigator
                  history={
                    Object {
                      "action": "POP",
                      "block": [Function],
                      "createHref": [Function],
                      "go": [Function],
                      "goBack": [Function],
                      "goForward": [Function],
                      "length": 1,
                      "listen": [Function],
                      "location": Object {
                        "hash": "",
                        "pathname": "/",
                        "search": "",
                        "state": undefined,
                      },
                      "push": [Function],
                      "replace": [Function],
                    }
                  }
                  location={
                    Object {
                      "hash": "",
                      "pathname": "/",
                      "search": "",
                      "state": undefined,
                    }
                  }
                  mail=""
                  match={
                    Object {
                      "isExact": true,
                      "params": Object {},
                      "path": "/",
                      "url": "/",
                    }
                  }
                >
                  <div>
                    <nav>
                      <div
                        className="nav-wrapper"
                      >
                        <Link
                          className="brand-logo"
                          replace={false}
                          to="/"
                        >
                          <a
                            className="brand-logo"
                            href="/"
                            onClick={[Function]}
                          >
                            Logo
                          </a>
                        </Link>
                        <ul
                          className="right hide-on-med-and-down"
                          id="nav-mobile"
                        >
                          <li>
                            <Link
                              replace={false}
                              to="/signup"
                            >
                              <a
                                href="/signup"
                                onClick={[Function]}
                              >
                                Signup
                              </a>
                            </Link>
                          </li>
                          <li>
                            <Link
                              replace={false}
                              to="/login"
                            >
                              <a
                                href="/login"
                                onClick={[Function]}
                              >
                                Login
                              </a>
                            </Link>
                          </li>
                        </ul>
                      </div>
                    </nav>
                    <Switch>
                      <Route
                        component={[Function]}
                        computedMatch={
                          Object {
                            "isExact": true,
                            "params": Object {},
                            "path": "/",
                            "url": "/",
                          }
                        }
                        exact={true}
                        location={
                          Object {
                            "hash": "",
                            "pathname": "/",
                            "search": "",
                            "state": undefined,
                          }
                        }
                        path="/"
                      >
                        <styled.div>
                          <div
                            className="sc-gzVnrw ibZhkv"
                          >
                            <HelmetWrapper
                              defer={true}
                              encodeSpecialCharacters={true}
                            >
                              <SideEffect(NullComponent)
                                defer={true}
                                encodeSpecialCharacters={true}
                                title="IIC2113 Web"
                                titleAttributes={Object {}}
                              >
                                <NullComponent
                                  defer={true}
                                  encodeSpecialCharacters={true}
                                  title="IIC2113 Web"
                                  titleAttributes={Object {}}
                                />
                              </SideEffect(NullComponent)>
                            </HelmetWrapper>
                            <Route
                              component={[Function]}
                              computedMatch={
                                Object {
                                  "isExact": true,
                                  "params": Object {},
                                  "path": "/",
                                  "url": "/",
                                }
                              }
                              exact={true}
                              location={
                                Object {
                                  "hash": "",
                                  "pathname": "/",
                                  "search": "",
                                  "state": undefined,
                                }
                              }
                              path="/"
                            >
                              <Connect(Home)
                                history={
                                  Object {
                                    "action": "POP",
                                    "block": [Function],
                                    "createHref": [Function],
                                    "go": [Function],
                                    "goBack": [Function],
                                    "goForward": [Function],
                                    "length": 1,
                                    "listen": [Function],
                                    "location": Object {
                                      "hash": "",
                                      "pathname": "/",
                                      "search": "",
                                      "state": undefined,
                                    },
                                    "push": [Function],
                                    "replace": [Function],
                                  }
                                }
                                location={
                                  Object {
                                    "hash": "",
                                    "pathname": "/",
                                    "search": "",
                                    "state": undefined,
                                  }
                                }
                                match={
                                  Object {
                                    "isExact": true,
                                    "params": Object {},
                                    "path": "/",
                                    "url": "/",
                                  }
                                }
                              >
                                <Home
                                  history={
                                    Object {
                                      "action": "POP",
                                      "block": [Function],
                                      "createHref": [Function],
                                      "go": [Function],
                                      "goBack": [Function],
                                      "goForward": [Function],
                                      "length": 1,
                                      "listen": [Function],
                                      "location": Object {
                                        "hash": "",
                                        "pathname": "/",
                                        "search": "",
                                        "state": undefined,
                                      },
                                      "push": [Function],
                                      "replace": [Function],
                                    }
                                  }
                                  location={
                                    Object {
                                      "hash": "",
                                      "pathname": "/",
                                      "search": "",
                                      "state": undefined,
                                    }
                                  }
                                  match={
                                    Object {
                                      "isExact": true,
                                      "params": Object {},
                                      "path": "/",
                                      "url": "/",
                                    }
                                  }
                                >
                                  <div
                                    className="container"
                                  >
                                    <h1>
                                      IIC2113 - Web
                                    </h1>
                                    <h3>
                                      Api is at url 
                                      NO_ENV
                                    </h3>
                                  </div>
                                </Home>
                              </Connect(Home)>
                            </Route>
                          </div>
                        </styled.div>
                      </Route>
                    </Switch>
                  </div>
                </Navigator>
              </Connect(Navigator)>
            </Route>
          </withRouter(Connect(Navigator))>
        </Router>
      </ConnectedRouter>
    </Provider>
  </App>
</Connect(App)>
`;
